INFO:     Started server process [65904]
INFO:     Waiting for application startup.
INFO:     Application startup complete.
INFO:     Uvicorn running on http://127.0.0.1:8000 (Press CTRL+C to quit)

================================================================================
ADMIN API KEY (save this for cache management): teFFq1X1Wmb7WfC_Qn8B0iDjUro75LlTI3Vr_iZfcms
================================================================================

================================================================================
LONGLEY-RICE RF COVERAGE WEB APPLICATION
================================================================================
Configuration: default
Host: 127.0.0.1
Port: 8000
Reload: False
================================================================================
Starting server...
Press Ctrl+C to stop
================================================================================

================================================================================
ADMIN API KEY (save this for cache management): xKW2PqNNYzFcSu_MTEYCtkjnt_nkGeFowTGRoaPG4zc
================================================================================

INFO:     127.0.0.1:51248 - "GET / HTTP/1.1" 200 OK
INFO:     127.0.0.1:51248 - "GET /favicon.ico HTTP/1.1" 404 Not Found
INFO:     127.0.0.1:51263 - "POST /api/coverage/single HTTP/1.1" 200 OK
make: Nothing to be done for `download'.
make: Nothing to be done for `all'.
cp SRTM3.vrt SRTM3.b12022e8045b4a0db464e79739a8f2b5.vrt
gdal_translate -q -co TILED=YES -co COMPRESS=DEFLATE -co ZLEVEL=9 -co PREDICTOR=2 -projwin -120.38518878938137 40.02210145045046 -119.21644521061862 39.12120054954955 SRTM3.b12022e8045b4a0db464e79739a8f2b5.vrt /Users/edm/Library/CloudStorage/OneDrive-DesertResearchInstitute/python_projects/mesh_mapper3/dem_cache/dem_-120.3852_39.1212_-119.2164_40.0221_90m.tif
rm -f SRTM3.b12022e8045b4a0db464e79739a8f2b5.vrt
SPLAT! service initialized - using real SPLAT! binary for calculations
Calculating coverage for site: N1
Location: 39.571651, -119.800817
Elevation: 1400.0m
Frequency: 900.0 MHz
Power: 30.0 dBm
DEM bounds: (-120.38518878938137, 39.12120054954955, -119.21644521061862, 40.02210145045046)
Downloading DEM data for bounds: (-120.38518878938137, 39.12120054954955, -119.21644521061862, 40.02210145045046)
Resolution: 90m
Downloading SRTM3 data...
DEM data downloaded and cached: /Users/edm/Library/CloudStorage/OneDrive-DesertResearchInstitute/python_projects/mesh_mapper3/dem_cache/dem_-120.3852_39.1212_-119.2164_40.0221_90m.tif
DEM shape: (1082, 1404)
Elevation range: 1149.0m to 3267.0m
Using actual SPLAT! binary for realistic coverage calculation
PPM image mode: RGB, size: (2400, 2400)
PPM image shape: (2400, 2400)
PPM value range: 100 to 255
Unique values in PPM: 8
Pixels < 255: 944
Coverage calculation complete!
Coverage area: 9.4 km²
Coverage pixels: 944
Saved coverage to database: 39.571651_-119.800817_1400.0_900.0_30.0
INFO:     127.0.0.1:51263 - "GET /api/coverage/9de6e24e-f27b-407b-a3eb-18e376e5bd8e/status HTTP/1.1" 200 OK
INFO:     127.0.0.1:51263 - "GET /api/coverage/9de6e24e-f27b-407b-a3eb-18e376e5bd8e HTTP/1.1" 200 OK
INFO:     Shutting down
INFO:     Waiting for application shutdown.
INFO:     Application shutdown complete.
INFO:     Finished server process [65904]
